paralleljoin@u145-16:~$ radix-cluster-pass1=3 radix-cluster-pass2=1 datasize=16 fetchcols=3 decluster-window=0 repeats=12500000
          +--------------------------------+---------------------+
          +   fetch* |               input | after radix-cluster |
          +----------+----------+----------+----------+----------+
          |   fetch* |      key |      pos |      key |      pos |
          +----------+----------+----------+----------+----------+
        0 |        0 |        9 |        0 |        0 |       15 |
        1 |        1 |       14 |        1 |        1 |        4 |
        2 |        2 |        5 |        2 |        2 |       12 |
        3 |        3 |       12 |        3 |        3 |       10 |
        4 |        4 |        1 |        4 |        4 |       11 |
        5 |        5 |       11 |        5 |        5 |        2 |
        6 |        6 |       15 |        6 |        6 |       13 |
        7 |        7 |       13 |        7 |        7 |       14 |
        8 |        8 |       10 |        8 |        8 |        9 |
        9 |        9 |        8 |        9 |        9 |        0 |
       10 |       10 |        3 |       10 |       10 |        8 |
       11 |       11 |        4 |       11 |       11 |        5 |
       12 |       12 |        2 |       12 |       12 |        3 |
       13 |       13 |        6 |       13 |       13 |        7 |
       14 |       14 |        7 |       14 |       14 |        1 |
       15 |       15 |        0 |       15 |       15 |        6 |
          +----------+----------+----------+----------+----------+
16 61 cycles
radix-cluster-pass1=1 radix-cluster-pass2=3 datasize=16 fetchcols=3 decluster-window=0 repeats=12500000
          +--------------------------------+---------------------+
          +   fetch* |               input | after radix-cluster |
          +----------+----------+----------+----------+----------+
          |   fetch* |      key |      pos |      key |      pos |
          +----------+----------+----------+----------+----------+
        0 |        0 |        9 |        0 |        0 |       15 |
        1 |        1 |       14 |        1 |        1 |        4 |
        2 |        2 |        5 |        2 |        2 |       12 |
        3 |        3 |       12 |        3 |        3 |       10 |
        4 |        4 |        1 |        4 |        4 |       11 |
        5 |        5 |       11 |        5 |        5 |        2 |
        6 |        6 |       15 |        6 |        6 |       13 |
        7 |        7 |       13 |        7 |        7 |       14 |
        8 |        8 |       10 |        8 |        8 |        9 |
        9 |        9 |        8 |        9 |        9 |        0 |
       10 |       10 |        3 |       10 |       10 |        8 |
       11 |       11 |        4 |       11 |       11 |        5 |
       12 |       12 |        2 |       12 |       12 |        3 |
       13 |       13 |        6 |       13 |       13 |        7 |
       14 |       14 |        7 |       14 |       14 |        1 |
       15 |       15 |        0 |       15 |       15 |        6 |
          +----------+----------+----------+----------+----------+
16 41 cycles
radix-cluster-pass1=4 datasize=16 fetchcols=3 decluster-window=0 repeats=12500000
          +--------------------------------+---------------------+
          +   fetch* |               input | after radix-cluster |
          +----------+----------+----------+----------+----------+
          |   fetch* |      key |      pos |      key |      pos |
          +----------+----------+----------+----------+----------+
        0 |        0 |        9 |        0 |        0 |       15 |
        1 |        1 |       14 |        1 |        1 |        4 |
        2 |        2 |        5 |        2 |        2 |       12 |
        3 |        3 |       12 |        3 |        3 |       10 |
        4 |        4 |        1 |        4 |        4 |       11 |
        5 |        5 |       11 |        5 |        5 |        2 |
        6 |        6 |       15 |        6 |        6 |       13 |
        7 |        7 |       13 |        7 |        7 |       14 |
        8 |        8 |       10 |        8 |        8 |        9 |
        9 |        9 |        8 |        9 |        9 |        0 |
       10 |       10 |        3 |       10 |       10 |        8 |
       11 |       11 |        4 |       11 |       11 |        5 |
       12 |       12 |        2 |       12 |       12 |        3 |
       13 |       13 |        6 |       13 |       13 |        7 |
       14 |       14 |        7 |       14 |       14 |        1 |
       15 |       15 |        0 |       15 |       15 |        6 |
          +----------+----------+----------+----------+----------+
16 22 cycles
radix-cluster-pass1=1 radix-cluster-pass2=2 datasize=16 fetchcols=3 decluster-window=0 repeats=12500000
          +--------------------------------+---------------------+
          +   fetch* |               input | after radix-cluster |
          +----------+----------+----------+----------+----------+
          |   fetch* |      key |      pos |      key |      pos |
          +----------+----------+----------+----------+----------+
        0 |        0 |        9 |        0 |        1 |        4 |
        1 |        1 |       14 |        1 |        0 |       15 |
        2 |        2 |        5 |        2 |        3 |       10 |
        3 |        3 |       12 |        3 |        2 |       12 |
        4 |        4 |        1 |        4 |        5 |        2 |
        5 |        5 |       11 |        5 |        4 |       11 |
        6 |        6 |       15 |        6 |        6 |       13 |
        7 |        7 |       13 |        7 |        7 |       14 |
        8 |        8 |       10 |        8 |        9 |        0 |
        9 |        9 |        8 |        9 |        8 |        9 |
       10 |       10 |        3 |       10 |       11 |        5 |
       11 |       11 |        4 |       11 |       10 |        8 |
       12 |       12 |        2 |       12 |       12 |        3 |
       13 |       13 |        6 |       13 |       13 |        7 |
       14 |       14 |        7 |       14 |       14 |        1 |
       15 |       15 |        0 |       15 |       15 |        6 |
          +----------+----------+----------+----------+----------+
16 37 cycles
radix-cluster-pass1=2 radix-cluster-pass2=1 datasize=16 fetchcols=3 decluster-window=0 repeats=12500000
          +--------------------------------+---------------------+
          +   fetch* |               input | after radix-cluster |
          +----------+----------+----------+----------+----------+
          |   fetch* |      key |      pos |      key |      pos |
          +----------+----------+----------+----------+----------+
        0 |        0 |        9 |        0 |        1 |        4 |
        1 |        1 |       14 |        1 |        0 |       15 |
        2 |        2 |        5 |        2 |        3 |       10 |
        3 |        3 |       12 |        3 |        2 |       12 |
        4 |        4 |        1 |        4 |        5 |        2 |
        5 |        5 |       11 |        5 |        4 |       11 |
        6 |        6 |       15 |        6 |        6 |       13 |
        7 |        7 |       13 |        7 |        7 |       14 |
        8 |        8 |       10 |        8 |        9 |        0 |
        9 |        9 |        8 |        9 |        8 |        9 |
       10 |       10 |        3 |       10 |       11 |        5 |
       11 |       11 |        4 |       11 |       10 |        8 |
       12 |       12 |        2 |       12 |       12 |        3 |
       13 |       13 |        6 |       13 |       13 |        7 |
       14 |       14 |        7 |       14 |       14 |        1 |
       15 |       15 |        0 |       15 |       15 |        6 |
          +----------+----------+----------+----------+----------+
16 44 cycles
paralleljoin@u145-16:~$ ./fj2.o 4 2000 200 1 3 2 2
bash: ./fj2.o: No such file or directory
paralleljoin@u145-16:~$ ls
cuda-workspace  Desktop  Documents  Downloads  Experiments  Experiments.tar.gz  intel  Music  Pictures  Public  Templates  Videos
paralleljoin@u145-16:~$ cd Desktop/src/
paralleljoin@u145-16:~/Desktop/src$ ./fj2.o 4 2000 200 1 3 2 2
radix-cluster-pass1=2 radix-cluster-pass2=2 datasize=16 fetchcols=3 decluster-window=0 repeats=12500000
          +--------------------------------+---------------------+
          +   fetch* |               input | after radix-cluster |
          +----------+----------+----------+----------+----------+
          |   fetch* |      key |      pos |      key |      pos |
          +----------+----------+----------+----------+----------+
        0 |        0 |        9 |        0 |        0 |       15 |
        1 |        1 |       14 |        1 |        1 |        4 |
        2 |        2 |        5 |        2 |        2 |       12 |
        3 |        3 |       12 |        3 |        3 |       10 |
        4 |        4 |        1 |        4 |        4 |       11 |
        5 |        5 |       11 |        5 |        5 |        2 |
        6 |        6 |       15 |        6 |        6 |       13 |
        7 |        7 |       13 |        7 |        7 |       14 |
        8 |        8 |       10 |        8 |        8 |        9 |
        9 |        9 |        8 |        9 |        9 |        0 |
       10 |       10 |        3 |       10 |       10 |        8 |
       11 |       11 |        4 |       11 |       11 |        5 |
       12 |       12 |        2 |       12 |       12 |        3 |
       13 |       13 |        6 |       13 |       13 |        7 |
       14 |       14 |        7 |       14 |       14 |        1 |
       15 |       15 |        0 |       15 |       15 |        6 |
          +----------+----------+----------+----------+----------+
16 48 cycles
paralleljoin@u145-16:~/Desktop/src$ ./fj2.o 4 2000 200 1 3 1 1 1 1
radix-cluster-pass1=1 radix-cluster-pass2=1 radix-cluster-pass3=1 radix-cluster-pass4=1 datasize=16 fetchcols=3 decluster-window=0 repeats=12500000
          +--------------------------------+---------------------+
          +   fetch* |               input | after radix-cluster |
          +----------+----------+----------+----------+----------+
          |   fetch* |      key |      pos |      key |      pos |
          +----------+----------+----------+----------+----------+
        0 |        0 |        9 |        0 |        0 |       15 |
        1 |        1 |       14 |        1 |        1 |        4 |
        2 |        2 |        5 |        2 |        2 |       12 |
        3 |        3 |       12 |        3 |        3 |       10 |
        4 |        4 |        1 |        4 |        4 |       11 |
        5 |        5 |       11 |        5 |        5 |        2 |
        6 |        6 |       15 |        6 |        6 |       13 |
        7 |        7 |       13 |        7 |        7 |       14 |
        8 |        8 |       10 |        8 |        8 |        9 |
        9 |        9 |        8 |        9 |        9 |        0 |
       10 |       10 |        3 |       10 |       10 |        8 |
       11 |       11 |        4 |       11 |       11 |        5 |
       12 |       12 |        2 |       12 |       12 |        3 |
       13 |       13 |        6 |       13 |       13 |        7 |
       14 |       14 |        7 |       14 |       14 |        1 |
       15 |       15 |        0 |       15 |       15 |        6 |
          +----------+----------+----------+----------+----------+
16 106 cycles

